// Jest Snapshot v1, https://goo.gl/fbAQLP

exports[`renders the Display panel 1`] = `
Object {
  "asFragment": [Function],
  "baseElement": <body>
    <div>
      <div
        class="display"
      >
        <div
          class="image-container"
        >
          <img
            src="/assets/orange.png"
          />
          <img
            src="/assets/green.png"
          />
          <img
            src="/assets/blue.png"
          />
        </div>
        <span>
          You have changed the light color 
          5
           times.
        </span>
        <span>
          You have changed the middle color 
          3
           times.
        </span>
        <span>
          You have changed the dark color 
          2
           times.
        </span>
        <span>
          words to describe the picture:
        </span>
        <div
          class="feelings"
        >
          <span>
            hello
          </span>
          <span>
            goodbye
          </span>
        </div>
      </div>
    </div>
  </body>,
  "container": <div>
    <div
      class="display"
    >
      <div
        class="image-container"
      >
        <img
          src="/assets/orange.png"
        />
        <img
          src="/assets/green.png"
        />
        <img
          src="/assets/blue.png"
        />
      </div>
      <span>
        You have changed the light color 
        5
         times.
      </span>
      <span>
        You have changed the middle color 
        3
         times.
      </span>
      <span>
        You have changed the dark color 
        2
         times.
      </span>
      <span>
        words to describe the picture:
      </span>
      <div
        class="feelings"
      >
        <span>
          hello
        </span>
        <span>
          goodbye
        </span>
      </div>
    </div>
  </div>,
  "debug": [Function],
  "findAllByAltText": [Function],
  "findAllByDisplayValue": [Function],
  "findAllByLabelText": [Function],
  "findAllByPlaceholderText": [Function],
  "findAllByRole": [Function],
  "findAllByTestId": [Function],
  "findAllByText": [Function],
  "findAllByTitle": [Function],
  "findByAltText": [Function],
  "findByDisplayValue": [Function],
  "findByLabelText": [Function],
  "findByPlaceholderText": [Function],
  "findByRole": [Function],
  "findByTestId": [Function],
  "findByText": [Function],
  "findByTitle": [Function],
  "getAllByAltText": [Function],
  "getAllByDisplayValue": [Function],
  "getAllByLabelText": [Function],
  "getAllByPlaceholderText": [Function],
  "getAllByRole": [Function],
  "getAllByTestId": [Function],
  "getAllByText": [Function],
  "getAllByTitle": [Function],
  "getByAltText": [Function],
  "getByDisplayValue": [Function],
  "getByLabelText": [Function],
  "getByPlaceholderText": [Function],
  "getByRole": [Function],
  "getByTestId": [Function],
  "getByText": [Function],
  "getByTitle": [Function],
  "queryAllByAltText": [Function],
  "queryAllByDisplayValue": [Function],
  "queryAllByLabelText": [Function],
  "queryAllByPlaceholderText": [Function],
  "queryAllByRole": [Function],
  "queryAllByTestId": [Function],
  "queryAllByText": [Function],
  "queryAllByTitle": [Function],
  "queryByAltText": [Function],
  "queryByDisplayValue": [Function],
  "queryByLabelText": [Function],
  "queryByPlaceholderText": [Function],
  "queryByRole": [Function],
  "queryByTestId": [Function],
  "queryByText": [Function],
  "queryByTitle": [Function],
  "rerender": [Function],
  "unmount": [Function],
}
`;
